<?xml version="1.0" encoding="utf-8"?><testsuites name="pytest tests"><testsuite name="pytest" errors="0" failures="0" skipped="0" tests="11" time="42.583" timestamp="2026-03-15T17:50:57.397247+05:30" hostname="Honey"><testcase classname="tests.test_access_control" name="test_admin_users_page_access" time="18.580" /><testcase classname="tests.test_frames_windows" name="test_frames_and_windows" time="30.410" /><testcase classname="tests.test_auth" name="test_valid_admin_login" time="7.230" /><testcase classname="tests.test_auth" name="test_invalid_login[admin@example.com-wrongpassword]" time="5.824" /><testcase classname="tests.test_auth" name="test_invalid_login[wrong@example.com-password]" time="7.111" /><testcase classname="tests.test_access_control" name="test_non_admin_cannot_access_users" time="5.961" /><testcase classname="tests.test_auth" name="test_invalid_login[-password]" time="3.575" /><testcase classname="tests.test_auth" name="test_invalid_login[admin@example.com-]" time="4.551" /><testcase classname="tests.test_projects_tasks" name="test_create_project" time="9.505" /><testcase classname="tests.test_tasks" name="test_task_status_update" time="8.973" /><testcase classname="tests.test_trigger" name="test_alert_confirm_prompt" time="6.757" /></testsuite></testsuites>